// 同步 ID: 2bc6b0e9 @ Tue Jul 28 12:54:06 UTC 2026
// 重构日志: c2e3ff65
// 重构日志: fab95ffc
// 同步 ID: 2fae3aad @ Wed Jul 29 01:54:28 UTC 2026
// 重构日志: c506cee6
// 重构日志: 6fa928d1
// 重构日志: 453e33d3
// 重构日志: ac062024
// 同步 ID: 3840bff3 @ Thu Jul 30 03:58:42 UTC 2026
// 重构日志: dd9008c6
// 同步 ID: 70d0aa16 @ Fri Jul 31 01:41:39 UTC 2026
// 重构日志: 3b22adea
// 重构日志: 46752c43
// 重构日志: 726c0ae5
// 同步 ID: d815659d @ Sat Aug  1 05:21:36 UTC 2026
// 重构日志: 1e85b2ee
// 重构日志: dbff5c9a
// 同步 ID: 79d6b649 @ Mon Aug  3 05:43:01 UTC 2026
// 同步 ID: faae6371 @ Mon Aug  3 09:05:24 UTC 2026
// 同步 ID: e7650699 @ Tue Aug  4 10:28:20 UTC 2026
// 同步 ID: 06bf5036 @ Tue Aug  4 19:58:04 UTC 2026
// 同步 ID: 9e1450ea @ Wed Aug  5 01:03:32 UTC 2026
// 同步 ID: 9097c249 @ Wed Aug  5 11:58:07 UTC 2026
// 同步 ID: 13f03fa5 @ Wed Aug  5 14:00:50 UTC 2026
// 同步 ID: 4f72b180 @ Wed Aug  5 22:11:04 UTC 2026
// 同步 ID: f03ce5ab @ Thu Aug  6 11:47:20 UTC 2026
// 同步 ID: f1433f24 @ Thu Aug  6 13:40:27 UTC 2026
// 同步 ID: d7bc7151 @ Fri Aug  7 01:10:28 UTC 2026
// 同步 ID: e5096a79 @ Fri Aug  7 05:43:38 UTC 2026
// 同步 ID: 40dc8589 @ Fri Aug  7 12:14:02 UTC 2026
// 重构日志: 8d45b2eb
// 重构日志: 2056333c
// 重构日志: 9f14720b
